2025-06-03 09:56:07.228 | INFO  | thread=File Watcher | method=onApplicationEvent | traceId= | userId= | serviceName= | appName= | o.s.b.d.a.LocalDevToolsAutoConfiguration$RestartingClassPathChangeChangedEventListener - Restarting due to 1 class path change (0 additions, 0 deletions, 1 modification)
2025-06-03 09:56:07.278 | INFO  | thread=Thread-6 | method=log | traceId= | userId= | serviceName= | appName= | o.a.coyote.http11.Http11NioProtocol - Stopping ProtocolHandler ["http-nio-8080"]
2025-06-03 09:56:07.329 | INFO  | thread=Thread-6 | method=destroy | traceId= | userId= | serviceName= | appName= | o.s.o.j.LocalContainerEntityManagerFactoryBean - Closing JPA EntityManagerFactory for persistence unit 'default'
2025-06-03 09:56:07.352 | INFO  | thread=Thread-6 | method=close | traceId= | userId= | serviceName= | appName= | com.zaxxer.hikari.HikariDataSource - HikariPool-1 - Shutdown initiated...
2025-06-03 09:56:07.356 | INFO  | thread=Thread-6 | method=close | traceId= | userId= | serviceName= | appName= | com.zaxxer.hikari.HikariDataSource - HikariPool-1 - Shutdown completed.
2025-06-03 09:56:07.576 | INFO  | thread=restartedMain | method=main | traceId= | userId= | serviceName= | appName= | c.f.f.FlypayportalApplication - Starting Flypay Portal Application
2025-06-03 09:56:07.684 | INFO  | thread=restartedMain | method=logStarting | traceId= | userId= | serviceName= | appName= | c.f.f.FlypayportalApplication - Starting FlypayportalApplication using Java 21.0.6 with PID 41004 (C:\Users\kaushik.udavant\git\flypayportal\target\classes started by kaushik.udavant in C:\Users\kaushik.udavant\git\flypayportal)
2025-06-03 09:56:07.684 | INFO  | thread=restartedMain | method=logStartupProfileInfo | traceId= | userId= | serviceName= | appName= | c.f.f.FlypayportalApplication - The following 1 profile is active: "dev"
2025-06-03 09:56:08.171 | INFO  | thread=restartedMain | method=registerRepositoriesIn | traceId= | userId= | serviceName= | appName= | o.s.d.r.c.RepositoryConfigurationDelegate - Bootstrapping Spring Data JPA repositories in DEFAULT mode.
2025-06-03 09:56:08.205 | INFO  | thread=restartedMain | method=registerRepositoriesIn | traceId= | userId= | serviceName= | appName= | o.s.d.r.c.RepositoryConfigurationDelegate - Finished Spring Data repository scanning in 33 ms. Found 4 JPA repository interfaces.
2025-06-03 09:56:10.140 | INFO  | thread=restartedMain | method=initialize | traceId= | userId= | serviceName= | appName= | o.s.b.w.e.tomcat.TomcatWebServer - Tomcat initialized with port 8080 (http)
2025-06-03 09:56:10.142 | INFO  | thread=restartedMain | method=log | traceId= | userId= | serviceName= | appName= | o.a.coyote.http11.Http11NioProtocol - Initializing ProtocolHandler ["http-nio-8080"]
2025-06-03 09:56:10.142 | INFO  | thread=restartedMain | method=log | traceId= | userId= | serviceName= | appName= | o.a.catalina.core.StandardService - Starting service [Tomcat]
2025-06-03 09:56:10.142 | INFO  | thread=restartedMain | method=log | traceId= | userId= | serviceName= | appName= | o.a.catalina.core.StandardEngine - Starting Servlet engine: [Apache Tomcat/10.1.31]
2025-06-03 09:56:10.171 | INFO  | thread=restartedMain | method=log | traceId= | userId= | serviceName= | appName= | o.a.c.c.C.[Tomcat].[localhost].[/] - Initializing Spring embedded WebApplicationContext
2025-06-03 09:56:10.171 | INFO  | thread=restartedMain | method=prepareWebApplicationContext | traceId= | userId= | serviceName= | appName= | o.s.b.w.s.c.ServletWebServerApplicationContext - Root WebApplicationContext: initialization completed in 2482 ms
2025-06-03 09:56:10.184 | INFO  | thread=restartedMain | method=getConnection | traceId= | userId= | serviceName= | appName= | com.zaxxer.hikari.HikariDataSource - HikariPool-2 - Starting...
2025-06-03 09:56:10.186 | INFO  | thread=restartedMain | method=checkFailFast | traceId= | userId= | serviceName= | appName= | com.zaxxer.hikari.pool.HikariPool - HikariPool-2 - Added connection conn20: url=jdbc:h2:file:D:/flypayportal user=SA
2025-06-03 09:56:10.187 | INFO  | thread=restartedMain | method=getConnection | traceId= | userId= | serviceName= | appName= | com.zaxxer.hikari.HikariDataSource - HikariPool-2 - Start completed.
2025-06-03 09:56:10.188 | INFO  | thread=restartedMain | method=logDataSources | traceId= | userId= | serviceName= | appName= | o.s.b.a.h.H2ConsoleAutoConfiguration - H2 console available at '/h2-console'. Database available at 'jdbc:h2:file:D:/flypayportal'
2025-06-03 09:56:10.221 | INFO  | thread=restartedMain | method=logPersistenceUnitInformation | traceId= | userId= | serviceName= | appName= | o.h.jpa.internal.util.LogHelper - HHH000204: Processing PersistenceUnitInfo [name: default]
2025-06-03 09:56:10.225 | INFO  | thread=restartedMain | method=initiateService | traceId= | userId= | serviceName= | appName= | o.h.c.i.RegionFactoryInitiator - HHH000026: Second-level cache disabled
2025-06-03 09:56:10.237 | INFO  | thread=restartedMain | method=addTransformer | traceId= | userId= | serviceName= | appName= | o.s.o.j.p.SpringPersistenceUnitInfo - No LoadTimeWeaver setup: ignoring JPA class transformer
2025-06-03 09:56:10.396 | INFO  | thread=restartedMain | method=initiateService | traceId= | userId= | serviceName= | appName= | o.h.e.t.j.p.i.JtaPlatformInitiator - HHH000489: No JTA platform available (set 'hibernate.transaction.jta.platform' to enable JTA platform integration)
2025-06-03 09:56:10.407 | INFO  | thread=restartedMain | method=buildNativeEntityManagerFactory | traceId= | userId= | serviceName= | appName= | o.s.o.j.LocalContainerEntityManagerFactoryBean - Initialized JPA EntityManagerFactory for persistence unit 'default'
2025-06-03 09:56:10.529 | INFO  | thread=restartedMain | method=configure | traceId= | userId= | serviceName= | appName= | o.s.s.c.a.a.c.InitializeUserDetailsBeanManagerConfigurer$InitializeUserDetailsManagerConfigurer - Global AuthenticationManager configured with UserDetailsService bean with name userDetailsImp
2025-06-03 09:56:10.973 | INFO  | thread=restartedMain | method=destroy | traceId= | userId= | serviceName= | appName= | o.s.o.j.LocalContainerEntityManagerFactoryBean - Closing JPA EntityManagerFactory for persistence unit 'default'
2025-06-03 09:56:10.974 | INFO  | thread=restartedMain | method=close | traceId= | userId= | serviceName= | appName= | com.zaxxer.hikari.HikariDataSource - HikariPool-2 - Shutdown initiated...
2025-06-03 09:56:10.976 | INFO  | thread=restartedMain | method=close | traceId= | userId= | serviceName= | appName= | com.zaxxer.hikari.HikariDataSource - HikariPool-2 - Shutdown completed.
2025-06-03 09:56:10.978 | INFO  | thread=restartedMain | method=log | traceId= | userId= | serviceName= | appName= | o.a.catalina.core.StandardService - Stopping service [Tomcat]
2025-06-03 09:56:10.987 | INFO  | thread=restartedMain | method=logMessage | traceId= | userId= | serviceName= | appName= | o.s.b.a.l.ConditionEvaluationReportLogger - 

Error starting ApplicationContext. To display the condition evaluation report re-run your application with 'debug' enabled.
